// Jest Snapshot v1, https://goo.gl/fbAQLP

exports[`handles Entry 1`] = `
<Component>
  <div>
    Two
  </div>
</Component>
`;
